[INFO] Scanning for projects...
[INFO] 
[INFO] ------------------------< com.jpmc:midas-core >-------------------------
[INFO] Building midas-core 1.0.0
[INFO]   from pom.xml
[INFO] --------------------------------[ jar ]---------------------------------
[INFO] 
[INFO] --- resources:3.3.1:resources (default-resources) @ midas-core ---
[INFO] skip non existing resourceDirectory /workspaces/forage-midas/src/main/resources
[INFO] skip non existing resourceDirectory /workspaces/forage-midas/src/main/resources
[INFO] 
[INFO] --- compiler:3.11.0:compile (default-compile) @ midas-core ---
[INFO] Nothing to compile - all classes are up to date
[INFO] 
[INFO] --- resources:3.3.1:testResources (default-testResources) @ midas-core ---
[INFO] Copying 5 resources from src/test/resources to target/test-classes
[INFO] 
[INFO] --- compiler:3.11.0:testCompile (default-testCompile) @ midas-core ---
[INFO] Nothing to compile - all classes are up to date
[INFO] 
[INFO] --- surefire:3.1.2:test (default-test) @ midas-core ---
[INFO] Using auto detected provider org.apache.maven.surefire.junitplatform.JUnitPlatformProvider
[INFO] 
[INFO] -------------------------------------------------------
[INFO]  T E S T S
[INFO] -------------------------------------------------------
[INFO] Running com.jpmc.midascore.TaskOneTests

  .   ____          _            __ _ _
 /\\ / ___'_ __ _ _(_)_ __  __ _ \ \ \ \
( ( )\___ | '_ | '_| | '_ \/ _` | \ \ \ \
 \\/  ___)| |_)| | | | | || (_| |  ) ) ) )
  '  |____| .__|_| |_|_| |_\__, | / / / /
 =========|_|==============|___/=/_/_/_/
 :: Spring Boot ::                (v3.2.5)

2025-02-09T17:22:12.109Z  INFO 81158 --- [           main] com.jpmc.midascore.TaskOneTests          : Starting TaskOneTests using Java 17.0.9 with PID 81158 (started by codespace in /workspaces/forage-midas)
2025-02-09T17:22:12.121Z  INFO 81158 --- [           main] com.jpmc.midascore.TaskOneTests          : No active profile set, falling back to 1 default profile: "default"
Config
2025-02-09T17:22:12.546Z  INFO 81158 --- [           main] com.jpmc.midascore.TaskOneTests          : Started TaskOneTests in 0.855 seconds (process running for 1.922)
2025-02-09T17:22:15.431Z  INFO 81158 --- [           main] com.jpmc.midascore.TaskOneTests          : ----------------------------------------------------------
2025-02-09T17:22:15.432Z  INFO 81158 --- [           main] com.jpmc.midascore.TaskOneTests          : ----------------------------------------------------------
2025-02-09T17:22:15.432Z  INFO 81158 --- [           main] com.jpmc.midascore.TaskOneTests          : ----------------------------------------------------------
2025-02-09T17:22:15.432Z  INFO 81158 --- [           main] com.jpmc.midascore.TaskOneTests          : Congrats! It looks like your application booted without issue
2025-02-09T17:22:15.432Z  INFO 81158 --- [           main] com.jpmc.midascore.TaskOneTests          : submit the following output to complete the task (include begin and end output denotations)
2025-02-09T17:22:15.432Z  INFO 81158 --- [           main] com.jpmc.midascore.TaskOneTests          : 
---begin output ---
1142725631254665682354316777216387420489
---end output ---
[INFO] Tests run: 1, Failures: 0, Errors: 0, Skipped: 0, Time elapsed: 4.042 s -- in com.jpmc.midascore.TaskOneTests
[INFO] 
[INFO] Results:
[INFO] 
[INFO] Tests run: 1, Failures: 0, Errors: 0, Skipped: 0
[INFO] 
[INFO] ------------------------------------------------------------------------
[INFO] BUILD SUCCESS
[INFO] ------------------------------------------------------------------------
[INFO] Total time:  7.641 s
[INFO] Finished at: 2025-02-09T17:22:15Z
[INFO] ------------------------------------------------------------------------
